******************************************************************************
                  TI ARM Linker PC v20.2.7                     
******************************************************************************
>> Linked Thu Nov  9 00:46:06 2023

OUTPUT FILE NAME:   <Proyecto2_Digital2_Parqueo.out>
ENTRY POINT SYMBOL: "_c_int00_noargs"  address: 00000869


MEMORY CONFIGURATION

         name            origin    length      used     unused   attr    fill
----------------------  --------  ---------  --------  --------  ----  --------
  FLASH                 00000000   00040000  00000a04  0003f5fc  R  X
  SRAM                  20000000   00008000  00000203  00007dfd  RW X


SEGMENT ALLOCATION MAP

run origin  load origin   length   init length attrs members
----------  ----------- ---------- ----------- ----- -------
00000000    00000000    00000a04   00000a04    r-x
  00000000    00000000    0000026c   0000026c    r-- .intvecs
  0000026c    0000026c    00000718   00000718    r-x .text
  00000984    00000984    0000006c   0000006c    r-- .const
  000009f0    000009f0    00000014   00000014    r-- .cinit
20000000    20000000    00000203   00000000    rw-
  20000000    20000000    00000200   00000000    rw- .stack
  20000200    20000200    00000003   00000000    rw- .bss


SECTION ALLOCATION MAP

 output                                  attributes/
section   page    origin      length       input sections
--------  ----  ----------  ----------   ----------------
.intvecs   0    00000000    0000026c     
                  00000000    0000026c     tm4c123gh6pm_startup_ccs.obj (.intvecs)

.text      0    0000026c    00000718     
                  0000026c    00000204     main.obj (.text)
                  00000470    00000132     driverlib.lib : gpio.obj (.text:GPIOPadConfigSet)
                  000005a2    00000002     --HOLE-- [fill = 0]
                  000005a4    00000110                   : sysctl.obj (.text:SysCtlClockGet)
                  000006b4    000000f4                   : sysctl.obj (.text:SysCtlClockSet)
                  000007a8    00000046                   : uart.obj (.text:UARTConfigSetExpClk)
                  000007ee    00000002     --HOLE-- [fill = 0]
                  000007f0    00000044     rtsv7M4_T_le_v4SPD16_eabi.lib : autoinit.c.obj (.text:__TI_auto_init_nobinit_nopinit:__TI_auto_init_nobinit_nopinit)
                  00000834    00000034     driverlib.lib : sysctl.obj (.text:SysCtlPeripheralEnable)
                  00000868    00000034     rtsv7M4_T_le_v4SPD16_eabi.lib : boot_cortex_m.c.obj (.text:_c_int00_noargs:_c_int00_noargs)
                  0000089c    0000002a     driverlib.lib : gpio.obj (.text:GPIODirModeSet)
                  000008c6    00000002     --HOLE-- [fill = 0]
                  000008c8    00000020                   : uart.obj (.text:UARTDisable)
                  000008e8    0000001c     rtsv7M4_T_le_v4SPD16_eabi.lib : copy_zero_init.c.obj (.text:decompress:ZI:__TI_zero_init_nomemset:__TI_zero_init_nomemset)
                  00000904    00000018     driverlib.lib : gpio.obj (.text:GPIOPinTypeGPIOOutput)
                  0000091c    00000014                   : uart.obj (.text:UARTEnable)
                  00000930    00000012                   : gpio.obj (.text:GPIOPinTypeGPIOInput)
                  00000942    00000012                   : gpio.obj (.text:GPIOPinTypeUART)
                  00000954    0000000c     tm4c123gh6pm_startup_ccs.obj (.text)
                  00000960    0000000a     driverlib.lib : uart.obj (.text:UARTCharPut)
                  0000096a    00000006                   : gpio.obj (.text:GPIOPinRead)
                  00000970    00000006                   : gpio.obj (.text:GPIOPinWrite)
                  00000976    00000006                   : sysctl.obj (.text:SysCtlDelay)
                  0000097c    00000004     rtsv7M4_T_le_v4SPD16_eabi.lib : pre_init.c.obj (.text:_system_pre_init)
                  00000980    00000004                                   : exit.c.obj (.text:abort:abort)

.const     0    00000984    0000006c     
                  00000984    0000006c     driverlib.lib : sysctl.obj (.const:g_pui32Xtals)

.cinit     0    000009f0    00000014     
                  000009f0    00000008     (.cinit..bss.load) [load image, compression = zero_init]
                  000009f8    00000004     (__TI_handler_table)
                  000009fc    00000008     (__TI_cinit_table)

.init_array 
*          0    00000000    00000000     UNINITIALIZED

.bss       0    20000200    00000003     UNINITIALIZED
                  20000200    00000001     (.common:parqueosDisponibles)
                  20000201    00000001     (.common:parqueosOcupados)
                  20000202    00000001     (.common:sensorValues)

.stack     0    20000000    00000200     UNINITIALIZED
                  20000000    00000004     rtsv7M4_T_le_v4SPD16_eabi.lib : boot_cortex_m.c.obj (.stack)
                  20000004    000001fc     --HOLE--

__llvm_prf_cnts 
*          0    20000000    00000000     UNINITIALIZED

MODULE SUMMARY

       Module                         code   ro data   rw data
       ------                         ----   -------   -------
    .\
       tm4c123gh6pm_startup_ccs.obj   12     620       0      
       main.obj                       516    0         3      
    +--+------------------------------+------+---------+---------+
       Total:                         528    620       3      
                                                              
    C:/ti/TivaWare_C_Series-2.1.4.178/driverlib/ccs/Debug/driverlib.lib
       sysctl.obj                     574    108       0      
       gpio.obj                       420    0         0      
       uart.obj                       132    0         0      
    +--+------------------------------+------+---------+---------+
       Total:                         1126   108       0      
                                                              
    C:\ti\ccs1250\ccs\tools\compiler\ti-cgt-arm_20.2.7.LTS\lib\rtsv7M4_T_le_v4SPD16_eabi.lib
       autoinit.c.obj                 68     0         0      
       boot_cortex_m.c.obj            52     0         0      
       copy_zero_init.c.obj           28     0         0      
       exit.c.obj                     4      0         0      
       pre_init.c.obj                 4      0         0      
    +--+------------------------------+------+---------+---------+
       Total:                         156    0         0      
                                                              
       Stack:                         0      0         512    
       Linker Generated:              0      20        0      
    +--+------------------------------+------+---------+---------+
       Grand Total:                   1810   748       515    


LINKER GENERATED COPY TABLES

__TI_cinit_table @ 000009fc records: 1, size/record: 8, table size: 8
	.bss: load addr=000009f0, load size=00000008 bytes, run addr=20000200, run size=00000003 bytes, compression=zero_init


LINKER GENERATED HANDLER TABLE

__TI_handler_table @ 000009f8 records: 1, size/record: 4, table size: 4
	index: 0, handler: __TI_zero_init


GLOBAL SYMBOLS: SORTED ALPHABETICALLY BY Name 

address   name                          
-------   ----                          
00000981  C$$EXIT                       
0000089d  GPIODirModeSet                
00000471  GPIOPadConfigSet              
0000096b  GPIOPinRead                   
00000931  GPIOPinTypeGPIOInput          
00000905  GPIOPinTypeGPIOOutput         
00000943  GPIOPinTypeUART               
00000971  GPIOPinWrite                  
00000955  ResetISR                      
000005a5  SysCtlClockGet                
000006b5  SysCtlClockSet                
00000977  SysCtlDelay                   
00000835  SysCtlPeripheralEnable        
00000961  UARTCharPut                   
000007a9  UARTConfigSetExpClk           
000008c9  UARTDisable                   
0000091d  UARTEnable                    
20000200  __STACK_END                   
00000200  __STACK_SIZE                  
20000200  __STACK_TOP                   
000009fc  __TI_CINIT_Base               
00000a04  __TI_CINIT_Limit              
000009f8  __TI_Handler_Table_Base       
000009fc  __TI_Handler_Table_Limit      
000007f1  __TI_auto_init_nobinit_nopinit
ffffffff  __TI_pprof_out_hndl           
ffffffff  __TI_prof_data_size           
ffffffff  __TI_prof_data_start          
00000000  __TI_static_base__            
000008e9  __TI_zero_init_nomemset       
ffffffff  __binit__                     
ffffffff  __c_args__                    
UNDEFED   __mpu_init                    
20000000  __stack                       
20000000  __start___llvm_prf_cnts       
20000000  __stop___llvm_prf_cnts        
00000869  _c_int00_noargs               
UNDEFED   _system_post_cinit            
0000097d  _system_pre_init              
00000981  abort                         
ffffffff  binit                         
000003c9  countSetBits                  
00000000  g_pfnVectors                  
0000026d  main                          
20000200  parqueosDisponibles           
20000201  parqueosOcupados              
00000331  sendUART0                     
000003a5  sendUART2                     
20000202  sensorValues                  


GLOBAL SYMBOLS: SORTED BY Symbol Address 

address   name                          
-------   ----                          
00000000  __TI_static_base__            
00000000  g_pfnVectors                  
00000200  __STACK_SIZE                  
0000026d  main                          
00000331  sendUART0                     
000003a5  sendUART2                     
000003c9  countSetBits                  
00000471  GPIOPadConfigSet              
000005a5  SysCtlClockGet                
000006b5  SysCtlClockSet                
000007a9  UARTConfigSetExpClk           
000007f1  __TI_auto_init_nobinit_nopinit
00000835  SysCtlPeripheralEnable        
00000869  _c_int00_noargs               
0000089d  GPIODirModeSet                
000008c9  UARTDisable                   
000008e9  __TI_zero_init_nomemset       
00000905  GPIOPinTypeGPIOOutput         
0000091d  UARTEnable                    
00000931  GPIOPinTypeGPIOInput          
00000943  GPIOPinTypeUART               
00000955  ResetISR                      
00000961  UARTCharPut                   
0000096b  GPIOPinRead                   
00000971  GPIOPinWrite                  
00000977  SysCtlDelay                   
0000097d  _system_pre_init              
00000981  C$$EXIT                       
00000981  abort                         
000009f8  __TI_Handler_Table_Base       
000009fc  __TI_CINIT_Base               
000009fc  __TI_Handler_Table_Limit      
00000a04  __TI_CINIT_Limit              
20000000  __stack                       
20000000  __start___llvm_prf_cnts       
20000000  __stop___llvm_prf_cnts        
20000200  __STACK_END                   
20000200  __STACK_TOP                   
20000200  parqueosDisponibles           
20000201  parqueosOcupados              
20000202  sensorValues                  
ffffffff  __TI_pprof_out_hndl           
ffffffff  __TI_prof_data_size           
ffffffff  __TI_prof_data_start          
ffffffff  __binit__                     
ffffffff  __c_args__                    
ffffffff  binit                         
UNDEFED   __mpu_init                    
UNDEFED   _system_post_cinit            

[49 symbols]
