******************************************************************************
                  TI ARM Linker PC v20.2.7                     
******************************************************************************
>> Linked Fri Nov 17 19:42:04 2023

OUTPUT FILE NAME:   <Proyecto2_Digital2_Parqueo.out>
ENTRY POINT SYMBOL: "_c_int00_noargs"  address: 000009b1


MEMORY CONFIGURATION

         name            origin    length      used     unused   attr    fill
----------------------  --------  ---------  --------  --------  ----  --------
  FLASH                 00000000   00040000  00000b4c  0003f4b4  R  X
  SRAM                  20000000   00008000  00000203  00007dfd  RW X


SEGMENT ALLOCATION MAP

run origin  load origin   length   init length attrs members
----------  ----------- ---------- ----------- ----- -------
00000000    00000000    00000b4c   00000b4c    r-x
  00000000    00000000    0000026c   0000026c    r-- .intvecs
  0000026c    0000026c    00000860   00000860    r-x .text
  00000acc    00000acc    0000006c   0000006c    r-- .const
  00000b38    00000b38    00000014   00000014    r-- .cinit
20000000    20000000    00000203   00000000    rw-
  20000000    20000000    00000200   00000000    rw- .stack
  20000200    20000200    00000003   00000000    rw- .bss


SECTION ALLOCATION MAP

 output                                  attributes/
section   page    origin      length       input sections
--------  ----  ----------  ----------   ----------------
.intvecs   0    00000000    0000026c     
                  00000000    0000026c     tm4c123gh6pm_startup_ccs.obj (.intvecs)

.text      0    0000026c    00000860     
                  0000026c    0000034c     main.obj (.text)
                  000005b8    00000132     driverlib.lib : gpio.obj (.text:GPIOPadConfigSet)
                  000006ea    00000002     --HOLE-- [fill = 0]
                  000006ec    00000110                   : sysctl.obj (.text:SysCtlClockGet)
                  000007fc    000000f4                   : sysctl.obj (.text:SysCtlClockSet)
                  000008f0    00000046                   : uart.obj (.text:UARTConfigSetExpClk)
                  00000936    00000002     --HOLE-- [fill = 0]
                  00000938    00000044     rtsv7M4_T_le_v4SPD16_eabi.lib : autoinit.c.obj (.text:__TI_auto_init_nobinit_nopinit:__TI_auto_init_nobinit_nopinit)
                  0000097c    00000034     driverlib.lib : sysctl.obj (.text:SysCtlPeripheralEnable)
                  000009b0    00000034     rtsv7M4_T_le_v4SPD16_eabi.lib : boot_cortex_m.c.obj (.text:_c_int00_noargs:_c_int00_noargs)
                  000009e4    0000002a     driverlib.lib : gpio.obj (.text:GPIODirModeSet)
                  00000a0e    00000002     --HOLE-- [fill = 0]
                  00000a10    00000020                   : uart.obj (.text:UARTDisable)
                  00000a30    0000001c     rtsv7M4_T_le_v4SPD16_eabi.lib : copy_zero_init.c.obj (.text:decompress:ZI:__TI_zero_init_nomemset:__TI_zero_init_nomemset)
                  00000a4c    00000018     driverlib.lib : gpio.obj (.text:GPIOPinTypeGPIOOutput)
                  00000a64    00000014                   : uart.obj (.text:UARTEnable)
                  00000a78    00000012                   : gpio.obj (.text:GPIOPinTypeGPIOInput)
                  00000a8a    00000012                   : gpio.obj (.text:GPIOPinTypeUART)
                  00000a9c    0000000c     tm4c123gh6pm_startup_ccs.obj (.text)
                  00000aa8    0000000a     driverlib.lib : uart.obj (.text:UARTCharPut)
                  00000ab2    00000006                   : gpio.obj (.text:GPIOPinRead)
                  00000ab8    00000006                   : gpio.obj (.text:GPIOPinWrite)
                  00000abe    00000006                   : sysctl.obj (.text:SysCtlDelay)
                  00000ac4    00000004     rtsv7M4_T_le_v4SPD16_eabi.lib : pre_init.c.obj (.text:_system_pre_init)
                  00000ac8    00000004                                   : exit.c.obj (.text:abort:abort)

.const     0    00000acc    0000006c     
                  00000acc    0000006c     driverlib.lib : sysctl.obj (.const:g_pui32Xtals)

.cinit     0    00000b38    00000014     
                  00000b38    00000008     (.cinit..bss.load) [load image, compression = zero_init]
                  00000b40    00000004     (__TI_handler_table)
                  00000b44    00000008     (__TI_cinit_table)

.init_array 
*          0    00000000    00000000     UNINITIALIZED

.bss       0    20000200    00000003     UNINITIALIZED
                  20000200    00000001     (.common:parqueosDisponibles)
                  20000201    00000001     (.common:parqueosOcupados)
                  20000202    00000001     (.common:sensorValues)

.stack     0    20000000    00000200     UNINITIALIZED
                  20000000    00000004     rtsv7M4_T_le_v4SPD16_eabi.lib : boot_cortex_m.c.obj (.stack)
                  20000004    000001fc     --HOLE--

__llvm_prf_cnts 
*          0    20000000    00000000     UNINITIALIZED

MODULE SUMMARY

       Module                         code   ro data   rw data
       ------                         ----   -------   -------
    .\
       main.obj                       844    0         3      
       tm4c123gh6pm_startup_ccs.obj   12     620       0      
    +--+------------------------------+------+---------+---------+
       Total:                         856    620       3      
                                                              
    C:/ti/TivaWare_C_Series-2.1.4.178/driverlib/ccs/Debug/driverlib.lib
       sysctl.obj                     574    108       0      
       gpio.obj                       420    0         0      
       uart.obj                       132    0         0      
    +--+------------------------------+------+---------+---------+
       Total:                         1126   108       0      
                                                              
    C:\ti\ccs1250\ccs\tools\compiler\ti-cgt-arm_20.2.7.LTS\lib\rtsv7M4_T_le_v4SPD16_eabi.lib
       autoinit.c.obj                 68     0         0      
       boot_cortex_m.c.obj            52     0         0      
       copy_zero_init.c.obj           28     0         0      
       exit.c.obj                     4      0         0      
       pre_init.c.obj                 4      0         0      
    +--+------------------------------+------+---------+---------+
       Total:                         156    0         0      
                                                              
       Stack:                         0      0         512    
       Linker Generated:              0      20        0      
    +--+------------------------------+------+---------+---------+
       Grand Total:                   2138   748       515    


LINKER GENERATED COPY TABLES

__TI_cinit_table @ 00000b44 records: 1, size/record: 8, table size: 8
	.bss: load addr=00000b38, load size=00000008 bytes, run addr=20000200, run size=00000003 bytes, compression=zero_init


LINKER GENERATED HANDLER TABLE

__TI_handler_table @ 00000b40 records: 1, size/record: 4, table size: 4
	index: 0, handler: __TI_zero_init


GLOBAL SYMBOLS: SORTED ALPHABETICALLY BY Name 

address   name                          
-------   ----                          
00000ac9  C$$EXIT                       
000009e5  GPIODirModeSet                
000005b9  GPIOPadConfigSet              
00000ab3  GPIOPinRead                   
00000a79  GPIOPinTypeGPIOInput          
00000a4d  GPIOPinTypeGPIOOutput         
00000a8b  GPIOPinTypeUART               
00000ab9  GPIOPinWrite                  
00000a9d  ResetISR                      
000006ed  SysCtlClockGet                
000007fd  SysCtlClockSet                
00000abf  SysCtlDelay                   
0000097d  SysCtlPeripheralEnable        
00000aa9  UARTCharPut                   
000008f1  UARTConfigSetExpClk           
00000a11  UARTDisable                   
00000a65  UARTEnable                    
20000200  __STACK_END                   
00000200  __STACK_SIZE                  
20000200  __STACK_TOP                   
00000b44  __TI_CINIT_Base               
00000b4c  __TI_CINIT_Limit              
00000b40  __TI_Handler_Table_Base       
00000b44  __TI_Handler_Table_Limit      
00000939  __TI_auto_init_nobinit_nopinit
ffffffff  __TI_pprof_out_hndl           
ffffffff  __TI_prof_data_size           
ffffffff  __TI_prof_data_start          
00000000  __TI_static_base__            
00000a31  __TI_zero_init_nomemset       
ffffffff  __binit__                     
ffffffff  __c_args__                    
UNDEFED   __mpu_init                    
20000000  __stack                       
20000000  __start___llvm_prf_cnts       
20000000  __stop___llvm_prf_cnts        
000009b1  _c_int00_noargs               
UNDEFED   _system_post_cinit            
00000ac5  _system_pre_init              
00000ac9  abort                         
0000050f  binaryToASCII                 
ffffffff  binit                         
000004a7  countSetBits                  
00000000  g_pfnVectors                  
0000026d  main                          
20000200  parqueosDisponibles           
20000201  parqueosOcupados              
00000361  readSensors                   
00000403  sendUART0                     
00000499  sendUART2                     
20000202  sensorValues                  
000003bb  writeGreen                    
0000038b  writeRed                      


GLOBAL SYMBOLS: SORTED BY Symbol Address 

address   name                          
-------   ----                          
00000000  __TI_static_base__            
00000000  g_pfnVectors                  
00000200  __STACK_SIZE                  
0000026d  main                          
00000361  readSensors                   
0000038b  writeRed                      
000003bb  writeGreen                    
00000403  sendUART0                     
00000499  sendUART2                     
000004a7  countSetBits                  
0000050f  binaryToASCII                 
000005b9  GPIOPadConfigSet              
000006ed  SysCtlClockGet                
000007fd  SysCtlClockSet                
000008f1  UARTConfigSetExpClk           
00000939  __TI_auto_init_nobinit_nopinit
0000097d  SysCtlPeripheralEnable        
000009b1  _c_int00_noargs               
000009e5  GPIODirModeSet                
00000a11  UARTDisable                   
00000a31  __TI_zero_init_nomemset       
00000a4d  GPIOPinTypeGPIOOutput         
00000a65  UARTEnable                    
00000a79  GPIOPinTypeGPIOInput          
00000a8b  GPIOPinTypeUART               
00000a9d  ResetISR                      
00000aa9  UARTCharPut                   
00000ab3  GPIOPinRead                   
00000ab9  GPIOPinWrite                  
00000abf  SysCtlDelay                   
00000ac5  _system_pre_init              
00000ac9  C$$EXIT                       
00000ac9  abort                         
00000b40  __TI_Handler_Table_Base       
00000b44  __TI_CINIT_Base               
00000b44  __TI_Handler_Table_Limit      
00000b4c  __TI_CINIT_Limit              
20000000  __stack                       
20000000  __start___llvm_prf_cnts       
20000000  __stop___llvm_prf_cnts        
20000200  __STACK_END                   
20000200  __STACK_TOP                   
20000200  parqueosDisponibles           
20000201  parqueosOcupados              
20000202  sensorValues                  
ffffffff  __TI_pprof_out_hndl           
ffffffff  __TI_prof_data_size           
ffffffff  __TI_prof_data_start          
ffffffff  __binit__                     
ffffffff  __c_args__                    
ffffffff  binit                         
UNDEFED   __mpu_init                    
UNDEFED   _system_post_cinit            

[53 symbols]
